起点 2.5 q 25668.0 ['撞①=0', '1521重=0', '3571重≤9', '四码≤120', '虫鸟']
步 1 换键 1 G064又夂攵 q→m q=23632.7 形1.3508 p0.072 撞[2, 4, 5] 重[13, 51] 四128 三简3777 失败['撞①=0', '1521重=0', '3571重≤9', '四码≤120', '虫鸟']
步 2 换键 2 G060田由甲 p→h q=22249.6 形1.3505 p0.059 撞[2, 4, 6] 重[9, 46] 四128 三简3774 失败['撞①=0', '撞③≤5', '1521重=0', '3571重≤9', '四码≤120', '虫鸟']
步 3 换键 3 G020鸟鸟省乌 g→c q=21031.9 形1.3506 p0.059 撞[2, 4, 6] 重[9, 46] 四127 三简3774 失败['撞①=0', '撞③≤5', '1521重=0', '3571重≤9', '四码≤120']
步 4 换键 4 G124皿罒四 q→z q=20108.8 形1.3505 p0.059 撞[1, 4, 5] 重[8, 45] 四126 三简3772 失败['撞①=0', '1521重=0', '3571重≤9', '四码≤120']
步 5 换键 5 G040广厂疒 c→u q=19255.4 形1.3498 p0.059 撞[1, 5, 5] 重[7, 44] 四123 三简3743 失败['撞①=0', '1521重=0', '3571重≤9', '四码≤120']
步 6 换键 6 G088车东车旁 e→c q=18368.6 形1.3509 p0.058 撞[1, 5, 5] 重[6, 42] 四121 三简3749 失败['撞①=0', '1521重=0', '3571重≤9', '四码≤120']
步 7 换键 7 G068子了儿 p→o q=17648.9 形1.3509 p0.040 撞[1, 5, 5] 重[5, 40] 四121 三简3746 失败['撞①=0', '1521重=0', '3571重≤9', '四码≤120']
步 8 换键 8 G071工𢀖 t→s q=16932.2 形1.3503 p0.040 撞[1, 5, 5] 重[4, 38] 四120 三简3744 失败['撞①=0', '1521重=0', '3571重≤9']
步 9 换键 9 G034兼争字底肀 p→e q=16303.2 形1.3489 p0.035 撞[1, 5, 5] 重[4, 35] 四120 三简3746 失败['撞①=0', '1521重=0', '3571重≤9']
步10 换键10 G010饣食 w→y q=15880.6 形1.3493 p0.035 撞[1, 5, 6] 重[4, 32] 四120 三简3751 失败['撞①=0', '撞③≤5', '1521重=0', '3571重≤9']
步11 换键11 G087弟弟省 d→e q=15449.8 形1.3492 p0.035 撞[0, 4, 5] 重[4, 32] 四119 三简3753 失败['1521重=0', '3571重≤9']
步12 换键12 G081片丬爿 n→s q=15038.7 形1.3495 p0.035 撞[0, 4, 5] 重[4, 30] 四119 三简3753 失败['1521重=0', '3571重≤9']
步13 换键13 G002竖丨乔字底 l→s q=14651.5 形1.3505 p0.035 撞[0, 4, 5] 重[4, 28] 四120 三简3745 失败['1521重=0', '3571重≤9']
步14 换键14 G107乂㐅 p→l q=14234.2 形1.3502 p0.033 撞[0, 4, 5] 重[4, 26] 四120 三简3744 失败['1521重=0', '3571重≤9']
步15 换键15 G069寸丁可 t→k q=13906.1 形1.3501 p0.033 撞[0, 4, 6] 重[3, 24] 四120 三简3744 失败['撞③≤5', '1521重=0', '3571重≤9']
步16 换键16 G091弗 k→e q=13498.1 形1.3499 p0.033 撞[0, 4, 6] 重[3, 22] 四120 三简3744 失败['撞③≤5', '1521重=0', '3571重≤9']
步17 换键17 G012辶廴 q→n q=13180.5 形1.3493 p0.033 撞[0, 4, 6] 重[2, 21] 四120 三简3744 失败['撞③≤5', '1521重=0', '3571重≤9']
步18 换键18 G114至 g→f q=12866.4 形1.3491 p0.033 撞[0, 4, 6] 重[1, 20] 四120 三简3744 失败['撞③≤5', '1521重=0', '3571重≤9']
步19 换键19 G056匕比左七 t→q q=12553.2 形1.3493 p0.033 撞[0, 4, 6] 重[0, 19] 四119 三简3745 失败['撞③≤5', '3571重≤9']
步20 换键19 G010饣食 w→r q=12161.2 形1.3491 p0.033 撞[0, 4, 5] 重[0, 18] 四120 三简3737 失败['3571重≤9']
步21 换键20 G019女 s→f q=11917.8 形1.3481 p0.033 撞[0, 3, 6] 重[0, 16] 四120 三简3730 失败['撞③≤5', '3571重≤9']
步22 换键21 G053矢失 g→y q=11513.3 形1.3484 p0.033 撞[0, 3, 5] 重[0, 15] 四120 三简3730 失败['3571重≤9']
步23 换键22 G067𦍌𡗗龹 r→s q=11301.0 形1.3482 p0.033 撞[0, 3, 5] 重[0, 14] 四119 三简3732 失败['3571重≤9']
步24 换键23 G095气 z→h q=11091.5 形1.3481 p0.033 撞[0, 3, 5] 重[0, 13] 四119 三简3729 失败['3571重≤9']
步25 换键24 G101束朿柬 y→o q=10884.9 形1.3478 p0.033 撞[0, 3, 5] 重[0, 12] 四119 三简3726 失败['3571重≤9']
步26 换键25 G096羊南字心 u→f q=10678.8 形1.3476 p0.033 撞[0, 3, 5] 重[0, 11] 四119 三简3727 失败['3571重≤9']
步27 换键26 G044变字头亦亦字底 t→e q=10473.4 形1.3475 p0.033 撞[0, 3, 5] 重[0, 10] 四119 三简3725 失败['3571重≤9']
步28 换键27 G121长長 a→r q=10268.1 形1.3475 p0.033 撞[0, 3, 5] 重[0, 9] 四119 三简3725 失败[]
步29 换键28 G084廿甘其字头 r→g q=10074.2 形1.3480 p0.033 撞[0, 3, 5] 重[0, 8] 四119 三简3727 失败[]
步30 换键28 G068子了儿 p→c q=9890.3 形1.3494 p0.033 撞[0, 3, 5] 重[0, 7] 四120 三简3728 失败[]
步31 换键29 G003撇丿𠂆 f→o q=9690.8 形1.3498 p0.033 撞[0, 3, 5] 重[0, 6] 四120 三简3726 失败[]
步32 换键30 G112氏氐旅下角 z→w q=9655.8 形1.3496 p0.033 撞[0, 2, 5] 重[0, 6] 四120 三简3722 失败[]
步33 换键31 G085及乃 s→r q=9646.4 形1.3494 p0.033 撞[0, 2, 5] 重[0, 6] 四119 三简3720 失败[]
步34 换键32 G094戈弋戋 v→e q=9631.8 形1.3489 p0.033 撞[0, 2, 5] 重[0, 6] 四120 三简3723 失败[]
步35 换键33 G080今令 q→i q=9622.6 形1.3487 p0.033 撞[0, 2, 5] 重[0, 6] 四120 三简3723 失败[]
步36 换键34 G033鬼 p→m q=9613.8 形1.3486 p0.032 撞[0, 2, 5] 重[0, 6] 四120 三简3720 失败[]
步37 换键35 G109毛皮 g→r q=9605.6 形1.3486 p0.032 撞[0, 2, 5] 重[0, 6] 四120 三简3719 失败[]
步38 换键36 G050夕然左角歹 r→d q=9598.3 形1.3485 p0.032 撞[0, 2, 5] 重[0, 6] 四120 三简3723 失败[]
步39 换键36 G124皿罒四 q→p q=9591.9 形1.3476 p0.037 撞[0, 2, 5] 重[0, 6] 四120 三简3724 失败[]
步40 换键37 G117骨 r→p q=9586.0 形1.3473 p0.037 撞[0, 2, 5] 重[0, 6] 四120 三简3726 失败[]
步41 换键38 G073爫采釆 h→v q=9581.2 形1.3482 p0.037 撞[0, 2, 5] 重[0, 6] 四120 三简3729 失败[]
步42 换键38 G020鸟鸟省乌 g→w q=9576.5 形1.3482 p0.037 撞[0, 2, 5] 重[0, 6] 四120 三简3728 失败[]
步43 换键39 G079示 t→j q=9573.3 形1.3484 p0.037 撞[0, 2, 5] 重[0, 6] 四120 三简3728 失败[]
步44 换键40 G131韦 x→u q=9570.2 形1.3478 p0.037 撞[0, 2, 5] 重[0, 6] 四120 三简3727 失败[]
步45 换键41 G102艮即字旁 s→k q=9567.5 形1.3481 p0.037 撞[0, 2, 5] 重[0, 6] 四120 三简3727 失败[]
步46 换键42 G108莫 p→e q=9565.2 形1.3478 p0.036 撞[0, 2, 5] 重[0, 6] 四120 三简3726 失败[]
步47 换键43 G078身 p→d q=9563.0 形1.3475 p0.036 撞[0, 2, 5] 重[0, 6] 四120 三简3725 失败[]
步48 换键44 G052勿𠃓 x→u q=9560.8 形1.3473 p0.036 撞[0, 2, 5] 重[0, 6] 四120 三简3724 失败[]
步49 换键45 G129隹 b→r q=9558.7 形1.3473 p0.036 撞[0, 2, 5] 重[0, 6] 四120 三简3725 失败[]
步50 换键46 G119丘 d→t q=9556.7 形1.3471 p0.036 撞[0, 2, 5] 重[0, 6] 四120 三简3725 失败[]
步51 换键47 G105业亚 n→d q=9554.7 形1.3474 p0.036 撞[0, 2, 5] 重[0, 6] 四120 三简3721 失败[]
步52 换键48 G062五 r→g q=9553.9 形1.3474 p0.036 撞[0, 2, 5] 重[0, 6] 四120 三简3720 失败[]
步53 换键49 G051殳 h→w q=9553.1 形1.3473 p0.036 撞[0, 2, 5] 重[0, 6] 四120 三简3720 失败[]
步54 换键50 G048夷 x→n q=9552.5 形1.3472 p0.036 撞[0, 2, 5] 重[0, 6] 四120 三简3719 失败[]
步55 换键51 G120单 q→e q=9551.9 形1.3471 p0.036 撞[0, 2, 5] 重[0, 6] 四120 三简3718 失败[]
步56 换键51 G109毛皮 g→i q=9551.3 形1.3473 p0.036 撞[0, 2, 5] 重[0, 6] 四120 三简3720 失败[]
步57 换键52 G031禸禺字底 q→l q=9550.8 形1.3473 p0.036 撞[0, 2, 5] 重[0, 6] 四120 三简3720 失败[]
步58 换键53 G110牙 u→i q=9550.5 形1.3472 p0.036 撞[0, 2, 5] 重[0, 6] 四119 三简3720 失败[]
步59 换键54 G026禾 n→r q=9379.4 形1.3496 p0.036 撞[0, 2, 5] 重[0, 5] 四120 三简3707 失败[]
步60 换键54 G084廿甘其字头 r→n q=9375.1 形1.3496 p0.036 撞[0, 2, 5] 重[0, 5] 四120 三简3710 失败[]
