起点 25 换键 0 S=20.71 罚77.0 形1.3520 p0.072 撞[2, 3, 4] 重[15, 58] 四130 三简3782 大跨≈0.565 小指≈1.737 键均≈1.3452
步 1 换键 1 G064又夂攵 q→m S=15.79 罚66.0 形1.3508 p0.072 撞[2, 4, 5] 重[13, 51] 四128 三简3777 大跨≈0.614 小指≈1.678 键均≈1.3454
步 2 换键 2 G060田由甲 p→f S=21.67 罚58.0 形1.3507 p0.059 撞[2, 4, 5] 重[9, 47] 四128 三简3777 大跨≈0.617 小指≈1.591 键均≈1.3450
步 3 换键 3 G069寸丁可 t→o S=19.20 罚53.0 形1.3504 p0.059 撞[2, 5, 6] 重[7, 43] 四128 三简3778 大跨≈0.615 小指≈1.593 键均≈1.3450
步 4 换键 4 G124皿罒四 q→z S=20.32 罚48.0 形1.3504 p0.059 撞[1, 5, 5] 重[6, 42] 四127 三简3776 大跨≈0.617 小指≈1.587 键均≈1.3450
步 5 换键 5 G001横一二 p→u S=25.87 罚45.0 形1.3498 p0.040 撞[2, 6, 7] 重[5, 37] 四127 三简3770 大跨≈0.619 小指≈1.470 键均≈1.3449
步 6 换键 6 G087弟弟省 d→r S=27.41 罚42.0 形1.3497 p0.040 撞[1, 5, 6] 重[5, 37] 四126 三简3771 大跨≈0.619 小指≈1.464 键均≈1.3449
步 7 换键 7 G114至 g→r S=27.38 罚39.0 形1.3495 p0.040 撞[1, 6, 6] 重[4, 36] 四125 三简3771 大跨≈0.620 小指≈1.464 键均≈1.3448
步 8 换键 8 G002竖丨乔字底 l→s S=24.73 罚36.0 形1.3506 p0.040 撞[1, 6, 6] 重[4, 34] 四124 三简3763 大跨≈0.619 小指≈1.484 键均≈1.3450
步 9 换键 9 G034兼争字底肀 p→e S=27.50 罚34.0 形1.3493 p0.035 撞[1, 6, 6] 重[4, 32] 四124 三简3759 大跨≈0.619 小指≈1.474 键均≈1.3447
步10 换键10 G107乂㐅 p→l S=28.77 罚32.0 形1.3491 p0.032 撞[1, 6, 6] 重[4, 30] 四124 三简3757 大跨≈0.620 小指≈1.456 键均≈1.3447
步11 换键11 G102艮即字旁 s→e S=29.56 罚30.0 形1.3494 p0.032 撞[1, 6, 5] 重[4, 30] 四123 三简3757 大跨≈0.620 小指≈1.456 键均≈1.3447
步12 换键12 G081片丬爿 n→i S=30.07 罚28.0 形1.3488 p0.032 撞[1, 6, 5] 重[4, 28] 四123 三简3757 大跨≈0.620 小指≈1.456 键均≈1.3447
步13 换键13 G020鸟鸟省乌 g→p S=30.17 罚26.0 形1.3485 p0.033 撞[1, 6, 5] 重[4, 28] 四122 三简3759 大跨≈0.620 小指≈1.457 键均≈1.3447
步14 换键14 G056匕比左七 t→q S=29.90 罚24.0 形1.3487 p0.033 撞[1, 6, 5] 重[3, 28] 四121 三简3760 大跨≈0.618 小指≈1.459 键均≈1.3447
步15 换键15 G010饣食 w→r S=29.19 罚21.0 形1.3489 p0.033 撞[1, 6, 5] 重[3, 24] 四122 三简3757 大跨≈0.619 小指≈1.458 键均≈1.3447
步16 换键16 G012辶廴 q→n S=30.36 罚19.0 形1.3482 p0.033 撞[1, 6, 5] 重[2, 23] 四122 三简3757 大跨≈0.621 小指≈1.443 键均≈1.3445
步17 换键17 G067𦍌𡗗龹 r→e S=29.97 罚17.0 形1.3478 p0.033 撞[1, 6, 5] 重[2, 22] 四121 三简3756 大跨≈0.625 小指≈1.449 键均≈1.3446
步18 换键18 G045衣𧘇襄 s→c S=29.52 罚15 形1.3480 p0.033 撞[1, 6, 5] 重[2, 21] 四120 三简3756 大跨≈0.626 小指≈1.449 键均≈1.3446
步19 换键19 G101束朿柬 y→i S=29.87 罚14 形1.3476 p0.033 撞[1, 6, 5] 重[2, 20] 四120 三简3755 大跨≈0.624 小指≈1.449 键均≈1.3446
步20 换键20 G095气 z→f S=30.06 罚13 形1.3473 p0.033 撞[1, 6, 5] 重[2, 19] 四120 三简3755 大跨≈0.624 小指≈1.449 键均≈1.3445
步21 换键21 G091弗 k→h S=30.00 罚12 形1.3472 p0.033 撞[1, 6, 5] 重[2, 18] 四120 三简3755 大跨≈0.624 小指≈1.449 键均≈1.3445
步22 换键22 G121长長 a→r S=29.91 罚11 形1.3472 p0.033 撞[1, 6, 5] 重[2, 17] 四120 三简3755 大跨≈0.624 小指≈1.449 键均≈1.3444
步23 换键23 G085及乃 s→d S=29.80 罚10 形1.3471 p0.033 撞[1, 6, 5] 重[2, 16] 四120 三简3755 大跨≈0.624 小指≈1.449 键均≈1.3444
步24 换键24 G106巾 e→s S=29.51 罚9 形1.3473 p0.033 撞[1, 5, 5] 重[2, 15] 四120 三简3754 大跨≈0.621 小指≈1.450 键均≈1.3444
步25 换键25 G071工𢀖 t→e S=29.56 罚8 形1.3469 p0.033 撞[1, 6, 5] 重[2, 14] 四120 三简3754 大跨≈0.625 小指≈1.449 键均≈1.3443
步26 换键26 G053矢失 g→y S=28.75 罚7 形1.3472 p0.033 撞[1, 6, 5] 重[2, 13] 四120 三简3754 大跨≈0.626 小指≈1.449 键均≈1.3444
步27 换键27 G084廿甘其字头 r→g S=28.05 罚6 形1.3478 p0.033 撞[1, 6, 5] 重[2, 12] 四120 三简3756 大跨≈0.623 小指≈1.451 键均≈1.3446
步28 换键28 G044变字头亦亦字底 t→p S=25.67 罚5 形1.3486 p0.036 撞[1, 6, 5] 重[2, 11] 四120 三简3753 大跨≈0.622 小指≈1.456 键均≈1.3448
步29 换键29 G131韦 x→h S=26.39 罚5 形1.3480 p0.036 撞[1, 7, 5] 重[2, 11] 四120 三简3751 大跨≈0.618 小指≈1.456 键均≈1.3447
步30 换键30 G129隹 b→z S=26.92 罚5 形1.3479 p0.036 撞[1, 7, 5] 重[2, 11] 四119 三简3752 大跨≈0.610 小指≈1.459 键均≈1.3447
步31 换键31 G088车东车旁 e→c S=23.90 罚4 形1.3492 p0.036 撞[1, 8, 5] 重[1, 11] 四120 三简3737 大跨≈0.609 小指≈1.462 键均≈1.3451
步32 换键31 G124皿罒四 q→e S=24.93 罚4 形1.3485 p0.036 撞[1, 8, 5] 重[1, 11] 四120 三简3739 大跨≈0.613 小指≈1.454 键均≈1.3450
步33 换键32 G108莫 p→g S=25.36 罚4 形1.3483 p0.035 撞[1, 9, 5] 重[1, 11] 四120 三简3739 大跨≈0.613 小指≈1.449 键均≈1.3450
步34 换键33 G040广厂疒 c→z S=22.49 罚3 形1.3496 p0.035 撞[1, 7, 5] 重[0, 11] 四118 三简3744 大跨≈0.614 小指≈1.480 键均≈1.3452
步35 换键34 G074米 z→h S=22.02 罚1 形1.3499 p0.035 撞[1, 7, 5] 重[0, 9] 四117 三简3742 大跨≈0.614 小指≈1.474 键均≈1.3453
步36 换键34 G044变字头亦亦字底 t→e S=24.41 罚1 形1.3488 p0.032 撞[1, 7, 5] 重[0, 9] 四118 三简3744 大跨≈0.614 小指≈1.468 键均≈1.3451
步37 换键35 G068子了儿 p→c S=26.08 罚1 形1.3503 p0.013 撞[1, 7, 5] 重[0, 9] 四119 三简3739 大跨≈0.636 小指≈1.365 键均≈1.3453
步38 换键34 G001横一二 p→p S=21.07 罚0 形1.3509 p0.032 撞[0, 6, 4] 重[0, 9] 四120 三简3747 大跨≈0.631 小指≈1.487 键均≈1.3456
步39 换键34 G067𦍌𡗗龹 r→l S=22.34 罚0 形1.3494 p0.032 撞[0, 6, 5] 重[0, 9] 四120 三简3748 大跨≈0.625 小指≈1.483 键均≈1.3453
步40 换键35 G007母毋毌 i→q S=23.60 罚0 形1.3494 p0.032 撞[0, 6, 4] 重[0, 9] 四120 三简3748 大跨≈0.625 小指≈1.483 键均≈1.3453
步41 换键36 G090付 q→b S=24.69 罚0 形1.3493 p0.032 撞[0, 7, 4] 重[0, 9] 四120 三简3748 大跨≈0.614 小指≈1.475 键均≈1.3453
步42 换键36 G068子了儿 p→u S=25.25 罚0 形1.3477 p0.032 撞[0, 8, 5] 重[0, 9] 四119 三简3749 大跨≈0.623 小指≈1.464 键均≈1.3449
步43 换键36 G053矢失 g→i S=26.30 罚0 形1.3470 p0.032 撞[0, 8, 5] 重[0, 9] 四120 三简3749 大跨≈0.621 小指≈1.463 键均≈1.3448
步44 换键37 G019女 s→e S=27.28 罚0 形1.3461 p0.032 撞[0, 8, 5] 重[0, 9] 四120 三简3748 大跨≈0.627 小指≈1.457 键均≈1.3446
步45 换键38 G029臣𦣞 e→f S=28.51 罚0 形1.3461 p0.032 撞[0, 8, 4] 重[0, 9] 四120 三简3748 大跨≈0.627 小指≈1.457 键均≈1.3446
步46 换键38 G069寸丁可 t→k S=28.91 罚0 形1.3457 p0.032 撞[0, 8, 4] 重[0, 9] 四120 三简3747 大跨≈0.627 小指≈1.456 键均≈1.3445
步47 换键39 G078身 p→w S=29.26 罚0 形1.3454 p0.032 撞[0, 8, 4] 重[0, 9] 四120 三简3747 大跨≈0.627 小指≈1.455 键均≈1.3445
步48 换键39 G085及乃 s→r S=29.55 罚0 形1.3452 p0.032 撞[0, 8, 4] 重[0, 9] 四120 三简3746 大跨≈0.627 小指≈1.452 键均≈1.3444
步49 换键40 G080今令 q→i S=29.84 罚0 形1.3450 p0.032 撞[0, 8, 4] 重[0, 9] 四120 三简3746 大跨≈0.626 小指≈1.452 键均≈1.3442
步50 换键41 G117骨 r→p S=30.11 罚0 形1.3447 p0.032 撞[0, 8, 4] 重[0, 9] 四120 三简3749 大跨≈0.626 小指≈1.452 键均≈1.3442
步51 换键42 G018未末朱 l→u S=30.36 罚0 形1.3444 p0.032 撞[0, 8, 4] 重[0, 9] 四120 三简3749 大跨≈0.626 小指≈1.451 键均≈1.3442
步52 换键42 G131韦 x→l S=30.57 罚0 形1.3443 p0.032 撞[0, 7, 4] 重[0, 9] 四120 三简3751 大跨≈0.626 小指≈1.451 键均≈1.3442
步53 换键42 G129隹 b→d S=30.78 罚0 形1.3442 p0.032 撞[0, 7, 4] 重[0, 9] 四119 三简3751 大跨≈0.626 小指≈1.451 键均≈1.3442
步54 换键43 G008人全字头入 x→s S=32.57 罚0 形1.3427 p0.032 撞[0, 7, 4] 重[0, 9] 四120 三简3746 大跨≈0.626 小指≈1.448 键均≈1.3439
步55 换键44 G052勿𠃓 x→i S=32.76 罚0 形1.3424 p0.032 撞[0, 7, 4] 重[0, 9] 四120 三简3746 大跨≈0.626 小指≈1.445 键均≈1.3439
步56 换键45 G119丘 d→t S=32.80 罚0 形1.3423 p0.032 撞[0, 7, 4] 重[0, 9] 四120 三简3746 大跨≈0.626 小指≈1.444 键均≈1.3438
步57 换键46 G082予矛 z→y S=32.83 罚0 形1.3422 p0.032 撞[0, 7, 4] 重[0, 9] 四120 三简3747 大跨≈0.627 小指≈1.438 键均≈1.3439
步58 换键47 G033鬼 p→k S=32.85 罚0 形1.3420 p0.032 撞[0, 7, 4] 重[0, 9] 四120 三简3744 大跨≈0.627 小指≈1.438 键均≈1.3438
步59 换键48 G096羊南字心 u→s S=32.86 罚0 形1.3418 p0.032 撞[0, 7, 4] 重[0, 9] 四120 三简3743 大跨≈0.627 小指≈1.438 键均≈1.3438
步60 换键48 G052勿𠃓 x→u S=32.90 罚0 形1.3418 p0.032 撞[0, 7, 4] 重[0, 9] 四120 三简3743 大跨≈0.627 小指≈1.438 键均≈1.3438
无改进，停止
