起点 champ 换键 41 S=36.08 罚0 形1.3492 p0.031 撞[0, 0, 5] 重[0, 7] 四120 三简3725 大跨≈0.549 小指≈1.518 键均≈1.3457
步 1 换键41 G071工𢀖 t→m S=38.50 罚0 形1.3489 p0.031 撞[0, 0, 5] 重[0, 8] 四120 三简3725 大跨≈0.552 小指≈1.456 键均≈1.3455
步 2 换键42 G125耳 x→f S=39.92 罚0 形1.3481 p0.031 撞[0, 0, 5] 重[0, 8] 四120 三简3723 大跨≈0.545 小指≈1.454 键均≈1.3453
步 3 换键43 G036钅金金字底 u→s S=41.34 罚0 形1.3482 p0.031 撞[0, 0, 5] 重[0, 8] 四120 三简3704 大跨≈0.503 小指≈1.459 键均≈1.3453
步 4 换键44 G106巾 e→p S=42.72 罚0 形1.3478 p0.033 撞[0, 0, 4] 重[0, 9] 四120 三简3700 大跨≈0.500 小指≈1.453 键均≈1.3452
步 5 换键45 G012辶廴 q→l S=43.94 罚0 形1.3471 p0.033 撞[0, 0, 4] 重[0, 9] 四120 三简3700 大跨≈0.500 小指≈1.438 键均≈1.3452
步 6 换键45 G101束朿柬 y→i S=44.77 罚0 形1.3469 p0.031 撞[0, 0, 4] 重[0, 9] 四120 三简3700 大跨≈0.501 小指≈1.434 键均≈1.3452
步 7 换键46 G108莫 p→f S=45.56 罚0 形1.3465 p0.030 撞[0, 0, 4] 重[0, 9] 四120 三简3699 大跨≈0.501 小指≈1.427 键均≈1.3451
步 8 换键47 G080今令 q→d S=46.13 罚0 形1.3460 p0.030 撞[0, 0, 4] 重[0, 9] 四120 三简3699 大跨≈0.501 小指≈1.425 键均≈1.3450
步 9 换键47 G095气 z→f S=46.68 罚0 形1.3458 p0.030 撞[0, 0, 4] 重[0, 9] 四120 三简3700 大跨≈0.501 小指≈1.424 键均≈1.3448
步10 换键47 G049且具字头 q→e S=47.11 罚0 形1.3456 p0.030 撞[0, 0, 4] 重[0, 9] 四120 三简3702 大跨≈0.501 小指≈1.424 键均≈1.3448
步11 换键48 G078身 p→w S=47.45 罚0 形1.3453 p0.029 撞[0, 0, 4] 重[0, 9] 四120 三简3702 大跨≈0.501 小指≈1.422 键均≈1.3447
步12 换键47 G102艮即字旁 s→s S=47.79 罚0 形1.3452 p0.029 撞[0, 0, 4] 重[0, 9] 四120 三简3702 大跨≈0.501 小指≈1.422 键均≈1.3447
步13 换键47 G056匕比左七 t→u S=48.11 罚0 形1.3450 p0.029 撞[0, 0, 4] 重[0, 9] 四120 三简3704 大跨≈0.503 小指≈1.421 键均≈1.3446
步14 换键47 G129隹 b→d S=48.39 罚0 形1.3449 p0.029 撞[0, 0, 4] 重[0, 9] 四120 三简3706 大跨≈0.503 小指≈1.423 键均≈1.3445
步15 换键48 G096羊南字心 u→e S=48.66 罚0 形1.3446 p0.029 撞[0, 0, 4] 重[0, 9] 四120 三简3707 大跨≈0.503 小指≈1.423 键均≈1.3445
步16 换键49 G131韦 x→p S=48.93 罚0 形1.3440 p0.030 撞[0, 0, 4] 重[0, 9] 四120 三简3704 大跨≈0.499 小指≈1.429 键均≈1.3445
步17 换键49 G020鸟鸟省乌 g→j S=49.19 罚0 形1.3438 p0.030 撞[0, 0, 4] 重[0, 9] 四120 三简3703 大跨≈0.499 小指≈1.428 键均≈1.3445
步18 换键50 G082予矛 z→y S=49.41 罚0 形1.3436 p0.030 撞[0, 0, 4] 重[0, 9] 四120 三简3704 大跨≈0.499 小指≈1.422 键均≈1.3445
步19 换键51 G117骨 r→i S=49.61 罚0 形1.3434 p0.030 撞[0, 0, 4] 重[0, 9] 四120 三简3705 大跨≈0.499 小指≈1.422 键均≈1.3445
步20 换键51 G112氏氐旅下角 z→r S=49.82 罚0 形1.3432 p0.030 撞[0, 0, 4] 重[0, 9] 四120 三简3704 大跨≈0.499 小指≈1.422 键均≈1.3445
步21 换键52 G018未末朱 l→u S=49.95 罚0 形1.3429 p0.030 撞[0, 0, 4] 重[0, 9] 四120 三简3703 大跨≈0.499 小指≈1.421 键均≈1.3444
步22 换键52 G050夕然左角歹 r→f S=50.08 罚0 形1.3429 p0.030 撞[0, 0, 4] 重[0, 9] 四120 三简3700 大跨≈0.499 小指≈1.410 键均≈1.3445
步23 换键52 G095气 z→d S=50.28 罚0 形1.3429 p0.030 撞[0, 0, 4] 重[0, 9] 四120 三简3704 大跨≈0.499 小指≈1.410 键均≈1.3445
步24 换键52 G092卵卯卯左 l→i S=50.41 罚0 形1.3429 p0.030 撞[0, 0, 4] 重[0, 9] 四120 三简3706 大跨≈0.499 小指≈1.410 键均≈1.3445
步25 换键53 G123耂 n→l S=50.49 罚0 形1.3429 p0.030 撞[0, 0, 4] 重[0, 9] 四120 三简3704 大跨≈0.489 小指≈1.413 键均≈1.3446
步26 换键53 G067𦍌𡗗龹 r→n S=51.12 罚0 形1.3418 p0.030 撞[0, 0, 4] 重[0, 9] 四120 三简3708 大跨≈0.506 小指≈1.410 键均≈1.3444
步27 换键54 G120单 q→t S=51.20 罚0 形1.3418 p0.030 撞[0, 0, 4] 重[0, 9] 四120 三简3710 大跨≈0.506 小指≈1.410 键均≈1.3443
步28 换键54 G091弗 k→h S=51.22 罚0 形1.3418 p0.030 撞[0, 0, 4] 重[0, 9] 四119 三简3710 大跨≈0.507 小指≈1.410 键均≈1.3443
步29 换键55 G094戈弋戋 v→e S=51.95 罚0 形1.3413 p0.030 撞[0, 0, 4] 重[0, 9] 四120 三简3710 大跨≈0.506 小指≈1.409 键均≈1.3441
步30 换键55 G124皿罒四 q→e S=52.87 罚0 形1.3405 p0.030 撞[0, 0, 4] 重[0, 9] 四120 三简3711 大跨≈0.509 小指≈1.408 键均≈1.3440
步31 换键56 G105业亚 n→k S=52.99 罚0 形1.3402 p0.030 撞[0, 0, 4] 重[0, 9] 四120 三简3707 大跨≈0.507 小指≈1.408 键均≈1.3439
步32 换键55 G033鬼 p→p S=53.01 罚0 形1.3403 p0.030 撞[0, 0, 4] 重[0, 9] 四120 三简3706 大跨≈0.506 小指≈1.408 键均≈1.3439
步33 换键55 G121长長 a→d S=53.02 罚0 形1.3402 p0.030 撞[0, 0, 4] 重[0, 9] 四120 三简3706 大跨≈0.506 小指≈1.408 键均≈1.3439
步34 换键56 G051殳 h→t S=53.02 罚0 形1.3401 p0.030 撞[0, 0, 4] 重[0, 9] 四120 三简3707 大跨≈0.506 小指≈1.409 键均≈1.3439
步35 换键57 G035厶龴 h→k S=53.07 罚0 形1.3399 p0.030 撞[0, 0, 4] 重[0, 9] 四120 三简3707 大跨≈0.506 小指≈1.408 键均≈1.3439
步36 换键57 G093𠂤㠯 x→h S=53.07 罚0 形1.3399 p0.030 撞[0, 0, 4] 重[0, 9] 四120 三简3707 大跨≈0.506 小指≈1.408 键均≈1.3439
无改进，停止
