冠军 q 9743.2 门禁失败 []
G102 艮即字旁     o→s 撤回 Δq=   +11.7 形1.3492 p0.031 撞[0, 0, 5] 重[0, 7] 四120 失败[]
G093 𠂤㠯       l→x 撤回 Δq=   +31.3 形1.3495 p0.031 撞[0, 1, 5] 重[0, 7] 四120 失败[]
G112 氏氐旅下角辰   v→z 撤回 Δq=   +33.3 形1.3493 p0.031 撞[0, 1, 5] 重[0, 7] 四120 失败[]
G092 卵卯卯左印    o→l 撤回 Δq=  +199.8 形1.3492 p0.031 撞[0, 0, 6] 重[0, 7] 四120 失败['撞③≤5']
G032 象兔免龟字底   s→d 撤回 Δq=  +202.8 形1.3490 p0.031 撞[0, 0, 6] 重[0, 7] 四120 失败['撞③≤5']
G121 长長       r→a 撤回 Δq=  +205.3 形1.3493 p0.031 撞[0, 0, 5] 重[0, 8] 四120 失败[]
G101 束朿柬      p→y 撤回 Δq=  +205.7 形1.3495 p0.028 撞[0, 0, 5] 重[0, 8] 四120 失败[]
G053 矢失       h→g 撤回 Δq=  +206.8 形1.3492 p0.031 撞[0, 0, 5] 重[0, 8] 四120 失败[]
G091 弗        b→k 撤回 Δq=  +206.9 形1.3494 p0.031 撞[0, 0, 5] 重[0, 8] 四119 失败[]
G095 气        h→z 撤回 Δq=  +209.1 形1.3493 p0.031 撞[0, 0, 5] 重[0, 8] 四120 失败[]
G049 且具字头     w→q 撤回 Δq=  +209.2 形1.3493 p0.031 撞[0, 0, 5] 重[0, 8] 四120 失败[]
G033 鬼        n→p 撤回 Δq=  +209.4 形1.3495 p0.032 撞[0, 0, 5] 重[0, 8] 四120 失败[]
G020 鸟鸟省乌鳥    c→g 撤回 Δq=  +213.8 形1.3492 p0.031 撞[0, 0, 5] 重[0, 7] 四121 失败['四码≤120']
G045 衣𧘇襄襄省    l→s 撤回 Δq=  +233.9 形1.3487 p0.031 撞[0, 1, 5] 重[0, 8] 四119 失败[]
G081 片丬爿北字旁   e→n 撤回 Δq=  +236.2 形1.3496 p0.031 撞[0, 1, 5] 重[0, 8] 四120 失败[]
G050 夕然左角歹夜下角 d→r 撤回 Δq=  +237.9 形1.3490 p0.031 撞[0, 1, 5] 重[0, 7] 四121 失败['四码≤120']
G073 爫采釆爪     i→h 撤回 Δq=  +238.5 形1.3495 p0.031 撞[0, 1, 5] 重[0, 7] 四121 失败['四码≤120']
G056 匕比左七𠤎    n→t 撤回 Δq=  +309.5 形1.3486 p0.031 撞[0, 0, 5] 重[1, 8] 四120 失败['1521重=0']
G114 至        f→g 撤回 Δq=  +312.9 形1.3494 p0.031 撞[0, 0, 5] 重[1, 8] 四119 失败['1521重=0']
G129 隹        k→b 撤回 Δq=  +405.3 形1.3493 p0.031 撞[0, 0, 5] 重[0, 8] 四121 失败['四码≤120']
G083 卜⺊       v→g 撤回 Δq=  +413.2 形1.3493 p0.031 撞[0, 0, 5] 重[0, 9] 四120 失败[]
G042 已巳巴己     k→v 撤回 Δq=  +422.2 形1.3500 p0.031 撞[0, 0, 5] 重[0, 9] 四119 失败[]
G070 力为办      i→p 撤回 Δq=  +426.4 形1.3496 p0.037 撞[0, 0, 5] 重[0, 9] 四120 失败[]
G124 皿罒四血     x→q 撤回 Δq=  +434.9 形1.3492 p0.031 撞[1, 1, 6] 重[0, 7] 四120 失败['撞①=0', '撞③≤5']
G069 寸丁可才     o→t 撤回 Δq=  +526.1 形1.3494 p0.031 撞[0, 0, 3] 重[1, 9] 四120 失败['1521重=0']
G060 田由甲申     h→p 撤回 Δq=  +553.4 形1.3494 p0.044 撞[0, 0, 4] 重[1, 9] 四119 失败['1521重=0']
G071 工𢀖       a→t 撤回 Δq=  +607.9 形1.3492 p0.031 撞[0, 0, 6] 重[0, 8] 四121 失败['撞③≤5', '四码≤120']
G019 女        u→s 撤回 Δq=  +609.0 形1.3507 p0.031 撞[0, 0, 5] 重[0, 9] 四121 失败['四码≤120']
G068 子了儿兀     e→p 撤回 Δq=  +611.3 形1.3492 p0.050 撞[0, 0, 5] 重[1, 9] 四120 失败['1521重=0']
G067 𦍌𡗗龹养字头   f→r 撤回 Δq=  +613.0 形1.3496 p0.031 撞[0, 0, 5] 重[0, 8] 四122 失败['四码≤120']
G087 弟弟省      e→d 撤回 Δq=  +630.8 形1.3494 p0.031 撞[1, 1, 6] 重[0, 7] 四121 失败['撞①=0', '撞③≤5', '四码≤120']
G090 付        f→q 撤回 Δq=  +718.4 形1.3493 p0.031 撞[0, 0, 5] 重[1, 9] 四121 失败['1521重=0', '四码≤120']
G002 竖丨乔字底荒字底 n→l 撤回 Δq=  +805.6 形1.3490 p0.031 撞[0, 0, 5] 重[0, 9] 四122 失败['四码≤120']
G010 饣食       q→w 撤回 Δq=  +820.6 形1.3488 p0.031 撞[0, 0, 5] 重[0, 11] 四118 失败['3571重≤9']
G135 虫𠀐       m→g 撤回 Δq=  +861.6 形1.3498 p0.031 撞[1, 1, 6] 重[0, 8] 四121 失败['撞①=0', '撞③≤5', '四码≤120']
G034 兼争字底肀聿   e→p 撤回 Δq= +1028.4 形1.3505 p0.036 撞[0, 0, 5] 重[0, 12] 四120 失败['3571重≤9']
G088 车东车旁𫠣    c→e 撤回 Δq= +1094.4 形1.3479 p0.032 撞[0, 0, 5] 重[1, 10] 四122 失败['1521重=0', '3571重≤9', '四码≤120']
G028 匚凵冂门     r→n 撤回 Δq= +1197.1 形1.3491 p0.031 撞[0, 0, 7] 重[0, 9] 四122 失败['撞③≤5', '四码≤120']
G011 艹卅卌带字头   g→m 撤回 Δq= +1689.6 形1.3516 p0.031 撞[0, 0, 6] 重[0, 12] 四122 失败['撞③≤5', '3571重≤9', '四码≤120']
G040 广厂疒      q→c 撤回 Δq= +1763.0 形1.3498 p0.031 撞[0, 1, 5] 重[1, 10] 四125 失败['1521重=0', '3571重≤9', '四码≤120']
G059 土士壬      m→q 撤回 Δq= +4192.1 形1.3477 p0.031 撞[0, 0, 5] 重[3, 19] 四127 失败['1521重=0', '3571重≤9', '四码≤120']
保留40 撤回 G102 艮即字旁 q=9754.9 形1.3492 p0.031 撞[0, 0, 5] 重[0, 7] 四120 三简3725 失败[]
保留39 撤回 G093 𠂤㠯 q=9786.2 形1.3494 p0.031 撞[0, 1, 5] 重[0, 7] 四120 三简3725 失败[]
保留38 撤回 G112 氏氐旅下角 q=9819.4 形1.3495 p0.031 撞[0, 2, 5] 重[0, 7] 四120 三简3728 失败[]
保留37 撤回 G121 长長 q=10024.7 形1.3495 p0.031 撞[0, 2, 5] 重[0, 8] 四120 三简3728 失败[]
保留36 撤回 G101 束朿柬 q=10230.4 形1.3498 p0.028 撞[0, 2, 5] 重[0, 9] 四120 三简3729 失败[]
保留35 撤回 G032 象兔免 q=10425.3 形1.3496 p0.028 撞[0, 2, 6] 重[0, 9] 四120 三简3722 失败['撞③≤5']
保留34 撤回 G045 衣𧘇襄 q=10451.7 形1.3490 p0.029 撞[0, 3, 6] 重[0, 9] 四119 三简3722 失败['撞③≤5']
保留33 撤回 G124 皿罒四 q=10456.4 形1.3489 p0.029 撞[0, 3, 6] 重[0, 9] 四119 三简3720 失败['撞③≤5']
保留32 撤回 G020 鸟鸟省乌 q=10474.2 形1.3489 p0.029 撞[0, 3, 6] 重[0, 9] 四120 三简3717 失败['撞③≤5']
保留31 撤回 G092 卵卯卯左 q=10673.9 形1.3488 p0.029 撞[0, 3, 7] 重[0, 9] 四120 三简3718 失败['撞③≤5']
保留30 撤回 G069 寸丁可 q=10800.0 形1.3490 p0.029 撞[0, 3, 5] 重[1, 11] 四120 三简3717 失败['1521重=0', '3571重≤9']
保留29 撤回 G091 弗 q=11006.9 形1.3492 p0.029 撞[0, 3, 5] 重[1, 12] 四119 三简3717 失败['1521重=0', '3571重≤9']
保留28 撤回 G050 夕然左角歹 q=11043.2 形1.3490 p0.029 撞[0, 4, 5] 重[1, 12] 四120 三简3710 失败['1521重=0', '3571重≤9']
保留27 撤回 G095 气 q=11252.3 形1.3490 p0.029 撞[0, 4, 5] 重[1, 13] 四120 三简3713 失败['1521重=0', '3571重≤9']
保留26 撤回 G033 鬼 q=11461.7 形1.3493 p0.029 撞[0, 4, 5] 重[1, 14] 四120 三简3711 失败['1521重=0', '3571重≤9']
保留25 撤回 G081 片丬爿 q=11697.9 形1.3496 p0.029 撞[0, 5, 5] 重[1, 15] 四120 三简3709 失败['1521重=0', '3571重≤9']
保留24 撤回 G073 爫采釆 q=11937.0 形1.3500 p0.029 撞[0, 6, 5] 重[1, 15] 四121 三简3708 失败['1521重=0', '3571重≤9', '四码≤120']
保留23 撤回 G114 至 q=12049.9 形1.3501 p0.029 撞[0, 6, 5] 重[2, 16] 四120 三简3709 失败['1521重=0', '3571重≤9']
保留22 撤回 G053 矢失 q=12424.8 形1.3503 p0.029 撞[0, 5, 5] 重[2, 18] 四120 三简3709 失败['1521重=0', '3571重≤9']
保留21 撤回 G042 已巳巴 q=12812.7 形1.3511 p0.029 撞[0, 4, 5] 重[2, 20] 四119 三简3709 失败['1521重=0', '3571重≤9']
保留20 撤回 G129 隹 q=13013.6 形1.3511 p0.029 撞[0, 4, 5] 重[2, 21] 四120 三简3711 失败['1521重=0', '3571重≤9']
保留19 撤回 G056 匕比左七 q=13326.0 形1.3505 p0.029 撞[0, 4, 5] 重[3, 22] 四120 三简3710 失败['1521重=0', '3571重≤9']
保留18 撤回 G010 饣食 q=13711.1 形1.3498 p0.029 撞[0, 3, 5] 重[3, 24] 四118 三简3710 失败['1521重=0', '3571重≤9']
保留17 撤回 G067 𦍌𡗗龹 q=13924.2 形1.3502 p0.029 撞[0, 3, 5] 重[3, 25] 四120 三简3707 失败['1521重=0', '3571重≤9']
保留16 撤回 G083 卜⺊ q=14338.2 形1.3502 p0.029 撞[0, 3, 5] 重[3, 27] 四120 三简3707 失败['1521重=0', '3571重≤9']
保留15 撤回 G070 力为办 q=14761.7 形1.3506 p0.035 撞[0, 3, 5] 重[3, 29] 四120 三简3707 失败['1521重=0', '3571重≤9']
保留14 撤回 G087 弟弟省 q=15392.6 形1.3507 p0.035 撞[1, 4, 6] 重[3, 29] 四121 三简3705 失败['撞①=0', '撞③≤5', '1521重=0', '3571重≤9', '四码≤120']
保留13 撤回 G028 匚凵冂 q=15964.2 形1.3505 p0.035 撞[1, 3, 7] 重[3, 32] 四120 三简3728 失败['撞①=0', '撞③≤5', '1521重=0', '3571重≤9']
保留12 撤回 G002 竖丨乔字底 q=16361.9 形1.3503 p0.035 撞[1, 3, 7] 重[3, 33] 四121 三简3733 失败['撞①=0', '撞③≤5', '1521重=0', '3571重≤9', '四码≤120']
保留11 撤回 G071 工𢀖 q=16878.8 形1.3503 p0.035 撞[1, 3, 6] 重[4, 35] 四122 三简3734 失败['撞①=0', '撞③≤5', '1521重=0', '3571重≤9', '四码≤120']
保留10 撤回 G068 子了儿 q=17539.9 形1.3501 p0.054 撞[1, 3, 5] 重[5, 38] 四122 三简3732 失败['撞①=0', '1521重=0', '3571重≤9', '四码≤120']
保留 9 撤回 G090 付 q=18259.2 形1.3502 p0.054 撞[1, 3, 5] 重[6, 40] 四123 三简3732 失败['撞①=0', '1521重=0', '3571重≤9', '四码≤120']
保留 8 撤回 G019 女 q=19067.7 形1.3515 p0.054 撞[1, 3, 5] 重[6, 43] 四124 三简3749 失败['撞①=0', '1521重=0', '3571重≤9', '四码≤120']
保留 7 撤回 G034 兼争字底肀 q=19956.7 形1.3528 p0.058 撞[1, 3, 5] 重[6, 47] 四124 三简3746 失败['撞①=0', '1521重=0', '3571重≤9', '四码≤120']
保留 6 撤回 G011 艹卅卌 q=20817.7 形1.3544 p0.059 撞[1, 3, 5] 重[6, 49] 四126 三简3698 失败['撞①=0', '1521重=0', '3571重≤9', '四码≤120']
保留 5 撤回 G135 虫𠀐 q=21584.1 形1.3549 p0.059 撞[1, 3, 5] 重[6, 49] 四125 三简3741 失败['撞①=0', '1521重=0', '3571重≤9', '四码≤120', '虫鸟']
保留 4 撤回 G049 且具字头 q=22526.1 形1.3547 p0.059 撞[2, 4, 6] 重[7, 51] 四125 三简3742 失败['撞①=0', '撞③≤5', '1521重=0', '3571重≤9', '四码≤120', '虫鸟']
保留 3 撤回 G088 车东车旁 q=23624.3 形1.3537 p0.059 撞[2, 4, 6] 重[8, 54] 四127 三简3734 失败['撞①=0', '撞③≤5', '1521重=0', '3571重≤9', '四码≤120', '虫鸟']
保留 2 撤回 G040 广厂疒 q=23826.8 形1.3537 p0.059 撞[2, 4, 6] 重[8, 53] 四129 三简3738 失败['撞①=0', '撞③≤5', '1521重=0', '3571重≤9', '四码≤120', '虫鸟']
保留 1 撤回 G059 土士壬 q=24085.8 形1.3517 p0.059 撞[2, 3, 5] 重[11, 53] 四130 三简3779 失败['撞①=0', '1521重=0', '3571重≤9', '四码≤120', '虫鸟']
保留 0 撤回 G060 田由甲 q=25668.0 形1.3520 p0.072 撞[2, 3, 4] 重[15, 58] 四130 三简3782 失败['撞①=0', '1521重=0', '3571重≤9', '四码≤120', '虫鸟']
