起点 换键46 S=33.19 罚0 冲突6万=993 撞[0, 0, 4] 形1.3432 p0.030 重[0, 9] 四120 三简3707 大跨≈0.512 小指≈1.415 键均≈1.3443
步1 匕比左 t→n 换键46 S=34.17 罚0 冲突6万=968 撞[0, 0, 4] 形1.3434 p0.030 重[0, 9] 四120 三简3706 大跨≈0.509 小指≈1.416 键均≈1.3443
步2 羊南字心 u→e 换键47 S=35.05 罚0 冲突6万=956 撞[0, 0, 4] 形1.3430 p0.030 重[0, 9] 四120 三简3707 大跨≈0.510 小指≈1.416 键均≈1.3443
步3 也 f→c 换键48 S=35.39 罚0 冲突6万=947 撞[0, 0, 4] 形1.3430 p0.030 重[0, 9] 四120 三简3707 大跨≈0.510 小指≈1.414 键均≈1.3442
步4 殳 h→t 换键49 S=35.72 罚0 冲突6万=940 撞[0, 0, 4] 形1.3429 p0.030 重[0, 9] 四120 三简3708 大跨≈0.510 小指≈1.414 键均≈1.3442
步5 身 p→e 换键50 S=36.06 罚0 冲突6万=940 撞[0, 0, 4] 形1.3425 p0.030 重[0, 9] 四120 三简3707 大跨≈0.510 小指≈1.413 键均≈1.3442
步6 今令 q→d 换键51 S=36.31 罚0 冲突6万=948 撞[0, 0, 4] 形1.3420 p0.030 重[0, 9] 四120 三简3707 大跨≈0.510 小指≈1.411 键均≈1.3441
步7 卵卯 l→n 换键51 S=36.54 罚0 冲突6万=941 撞[0, 0, 4] 形1.3420 p0.030 重[0, 9] 四120 三简3706 大跨≈0.510 小指≈1.411 键均≈1.3441
步8 鸟鸟省 g→e 换键51 S=36.77 罚0 冲突6万=923 撞[0, 0, 4] 形1.3423 p0.030 重[0, 9] 四120 三简3706 大跨≈0.514 小指≈1.412 键均≈1.3441
步9 业亚 n→o 换键52 S=36.95 罚0 冲突6万=919 撞[0, 0, 4] 形1.3421 p0.030 重[0, 9] 四120 三简3702 大跨≈0.513 小指≈1.412 键均≈1.3440
步10 𠂤㠯 x→n 换键52 S=37.12 罚0 冲突6万=915 撞[0, 0, 4] 形1.3421 p0.030 重[0, 9] 四120 三简3702 大跨≈0.513 小指≈1.412 键均≈1.3440
步11 韦 x→p 换键53 S=37.29 罚0 冲突6万=917 撞[0, 0, 4] 形1.3416 p0.030 重[0, 9] 四120 三简3699 大跨≈0.508 小指≈1.417 键均≈1.3440
步12 气 z→f 换键53 S=37.45 罚0 冲突6万=911 撞[0, 0, 4] 形1.3415 p0.030 重[0, 9] 四120 三简3696 大跨≈0.508 小指≈1.417 键均≈1.3440
步13 鬼 p→n 换键54 S=37.59 罚0 冲突6万=913 撞[0, 0, 4] 形1.3414 p0.030 重[0, 9] 四120 三简3697 大跨≈0.508 小指≈1.416 键均≈1.3440
步14 毛皮 g→e 换键55 S=37.70 罚0 冲突6万=911 撞[0, 0, 4] 形1.3413 p0.030 重[0, 9] 四120 三简3699 大跨≈0.508 小指≈1.416 键均≈1.3440
步15 至 g→v 换键55 S=37.79 罚0 冲突6万=905 撞[0, 0, 4] 形1.3414 p0.030 重[0, 9] 四120 三简3699 大跨≈0.508 小指≈1.415 键均≈1.3440
步16 弟弟省 d→r 换键55 S=37.87 罚0 冲突6万=902 撞[0, 0, 4] 形1.3414 p0.030 重[0, 9] 四120 三简3698 大跨≈0.508 小指≈1.415 键均≈1.3440
步17 莫 p→e 换键55 S=37.95 罚0 冲突6万=900 撞[0, 0, 4] 形1.3414 p0.030 重[0, 9] 四120 三简3698 大跨≈0.508 小指≈1.417 键均≈1.3440
步18 单 q→t 换键56 S=38.02 罚0 冲突6万=900 撞[0, 0, 4] 形1.3413 p0.030 重[0, 9] 四120 三简3700 大跨≈0.508 小指≈1.416 键均≈1.3440
步19 骨 r→i 换键57 S=38.10 罚0 冲突6万=904 撞[0, 0, 4] 形1.3410 p0.030 重[0, 9] 四120 三简3702 大跨≈0.508 小指≈1.416 键均≈1.3440
步20 长長 a→c 换键57 S=38.15 罚0 冲突6万=901 撞[0, 0, 4] 形1.3411 p0.030 重[0, 9] 四120 三简3702 大跨≈0.508 小指≈1.416 键均≈1.3440
步21 以 r→w 换键58 S=38.18 罚0 冲突6万=895 撞[0, 0, 4] 形1.3411 p0.030 重[0, 9] 四119 三简3702 大跨≈0.508 小指≈1.417 键均≈1.3441
步22 人全字头 x→d 换键59 S=39.59 罚0 冲突6万=902 撞[0, 0, 4] 形1.3395 p0.030 重[0, 9] 四120 三简3694 大跨≈0.507 小指≈1.415 键均≈1.3438
步23 毛皮 g→t 换键59 S=39.61 罚0 冲突6万=894 撞[0, 0, 4] 形1.3396 p0.030 重[0, 9] 四120 三简3692 大跨≈0.507 小指≈1.415 键均≈1.3438
步24 牙 u→y 换键60 S=39.63 罚0 冲突6万=890 撞[0, 0, 4] 形1.3397 p0.030 重[0, 9] 四120 三简3693 大跨≈0.507 小指≈1.415 键均≈1.3438
步25 厶龴 h→k 换键61 S=39.64 罚0 冲突6万=891 撞[0, 0, 4] 形1.3395 p0.030 重[0, 9] 四120 三简3693 大跨≈0.507 小指≈1.414 键均≈1.3437
步26 身 p→w 换键61 S=39.65 罚0 冲突6万=891 撞[0, 0, 4] 形1.3395 p0.030 重[0, 9] 四120 三简3694 大跨≈0.507 小指≈1.414 键均≈1.3437
步27 毛皮 g→g 换键60 S=39.66 罚0 冲突6万=898 撞[0, 0, 4] 形1.3394 p0.030 重[0, 9] 四120 三简3694 大跨≈0.507 小指≈1.415 键均≈1.3437
精修结束
撤回 牙 换键59 S=39.64 罚0 冲突6万=902 撞[0, 0, 4] 形1.3394 p0.030 重[0, 9] 四120 三简3693 大跨≈0.507 小指≈1.414 键均≈1.3437
撤回 骨 换键58 S=39.57 罚0 冲突6万=898 撞[0, 0, 4] 形1.3397 p0.030 重[0, 9] 四120 三简3691 大跨≈0.508 小指≈1.414 键均≈1.3437
撤回 单 换键57 S=39.49 罚0 冲突6万=898 撞[0, 0, 4] 形1.3398 p0.030 重[0, 9] 四120 三简3689 大跨≈0.508 小指≈1.415 键均≈1.3438
撤回 厶龴 换键56 S=39.39 罚0 冲突6万=899 撞[0, 0, 4] 形1.3399 p0.030 重[0, 9] 四120 三简3689 大跨≈0.508 小指≈1.415 键均≈1.3438
撤回 鬼 换键55 S=39.25 罚0 冲突6万=897 撞[0, 0, 4] 形1.3401 p0.030 重[0, 9] 四120 三简3688 大跨≈0.508 小指≈1.416 键均≈1.3438
撤回 韦 换键54 S=39.08 罚0 冲突6万=895 撞[0, 0, 4] 形1.3406 p0.030 重[0, 9] 四120 三简3691 大跨≈0.512 小指≈1.411 键均≈1.3438
撤回 业亚 换键53 S=38.90 罚0 冲突6万=899 撞[0, 0, 4] 形1.3408 p0.030 重[0, 9] 四120 三简3695 大跨≈0.514 小指≈1.411 键均≈1.3439
撤回 今令 换键52 S=38.66 罚0 冲突6万=892 撞[0, 0, 4] 形1.3413 p0.030 重[0, 9] 四120 三简3696 大跨≈0.514 小指≈1.412 键均≈1.3440
撤回 身 换键51 S=38.36 罚0 冲突6万=891 撞[0, 0, 4] 形1.3417 p0.030 重[0, 9] 四120 三简3696 大跨≈0.514 小指≈1.414 键均≈1.3441
撤回 也 换键50 S=38.01 罚0 冲突6万=900 撞[0, 0, 4] 形1.3417 p0.030 重[0, 9] 四120 三简3696 大跨≈0.514 小指≈1.416 键均≈1.3441
撤回 辶廴 换键49 S=37.66 罚0 冲突6万=885 撞[0, 0, 4] 形1.3423 p0.030 重[0, 9] 四120 三简3696 大跨≈0.514 小指≈1.429 键均≈1.3442
撤回 耳 换键48 S=37.08 罚0 冲突6万=885 撞[0, 0, 4] 形1.3430 p0.030 重[0, 9] 四119 三简3699 大跨≈0.514 小指≈1.430 键均≈1.3443
撤回 鸟鸟省 换键47 S=37.61 罚0 冲突6万=884 撞[0, 0, 4] 形1.3429 p0.030 重[0, 9] 四120 三简3697 大跨≈0.509 小指≈1.429 键均≈1.3443
撤回 羊南字心 换键46 S=36.74 罚0 冲突6万=896 撞[0, 0, 4] 形1.3433 p0.030 重[0, 9] 四120 三简3696 大跨≈0.509 小指≈1.429 键均≈1.3443
撤回 卵卯 换键45 S=35.27 罚0 冲突6万=902 撞[0, 0, 5] 形1.3432 p0.030 重[0, 9] 四120 三简3695 大跨≈0.509 小指≈1.429 键均≈1.3443
撤回 人全字头 换键44 S=33.70 罚0 冲突6万=895 撞[0, 0, 5] 形1.3449 p0.030 重[0, 9] 四119 三简3701 大跨≈0.509 小指≈1.432 键均≈1.3446
撤回 以 换键43 S=33.67 罚0 冲突6万=901 撞[0, 0, 5] 形1.3449 p0.030 重[0, 9] 四120 三简3701 大跨≈0.509 小指≈1.431 键均≈1.3446
撤回 殳 换键42 S=33.34 罚0 冲突6万=908 撞[0, 0, 5] 形1.3450 p0.030 重[0, 9] 四120 三简3700 大跨≈0.509 小指≈1.431 键均≈1.3446
撤回 氏氐 换键41 S=30.69 罚0 冲突6万=911 撞[0, 1, 5] 形1.3453 p0.030 重[0, 9] 四120 三简3705 大跨≈0.509 小指≈1.431 键均≈1.3446
撤回 𠂤㠯 换键40 S=27.75 罚0 冲突6万=913 撞[0, 2, 5] 形1.3455 p0.030 重[0, 9] 四120 三简3706 大跨≈0.509 小指≈1.436 键均≈1.3447
再撤就破门禁
