第25个音节 zi（43个读音） 改投8组 S=99.6 罚0 形1.3252 三简296 四码59 p0.007 撞[0, 0, 1, 248] 重0/9 换键123
第50个音节 ug（16个读音） 改投8组 S=91.0 罚0 形1.3246 三简637 四码86 p0.008 撞[0, 0, 4, 344] 重0/9 换键126
第75个音节 yr（42个读音） 改投3组 S=83.7 罚0 形1.3288 三简969 四码100 p0.008 撞[0, 0, 3, 453] 重0/9 换键124
第100个音节 gj（28个读音） 改投4组 S=76.8 罚0 形1.3286 三简1258 四码112 p0.025 撞[0, 0, 5, 521] 重0/9 换键123
第125个音节 ff（26个读音） 改投2组 S=71.3 罚0 形1.3298 三简1587 四码119 p0.025 撞[0, 0, 4, 622] 重0/7 换键125
第150个音节 hu（53个读音） 改投5组 S=51.0 罚1 形1.3339 三简1856 四码118 p0.021 撞[0, 3, 6, 710] 重0/9 换键127
第175个音节 bf（11个读音） 改投0组 S=43.7 罚0 形1.3381 三简2146 四码120 p0.020 撞[0, 3, 5, 800] 重0/9 换键126
第200个音节 vz（29个读音） 改投3组 S=30.9 罚1 形1.3401 三简2392 四码120 p0.028 撞[0, 6, 5, 867] 重0/10 换键127
第225个音节 pm（15个读音） 改投0组 S=22.7 罚2 形1.3454 三简2626 四码120 p0.021 撞[0, 8, 6, 911] 重0/10 换键127
第250个音节 xy（39个读音） 改投3组 S=22.3 罚3 形1.3418 三简2829 四码121 p0.026 撞[0, 7, 6, 949] 重0/10 换键126
第275个音节 kl（18个读音） 改投0组 S=4.2 罚3 形1.3467 三简3052 四码120 p0.026 撞[0, 8, 6, 955] 重0/11 换键125
第300个音节 pj（18个读音） 改投0组 S=-8.5 罚4 形1.3505 三简3203 四码120 p0.026 撞[0, 8, 6, 964] 重0/12 换键125
第325个音节 vx（3个读音） 改投0组 S=-10.9 罚2 形1.3490 三简3351 四码120 p0.026 撞[0, 7, 6, 958] 重0/10 换键125
第350个音节 rc（6个读音） 改投0组 S=-12.7 罚1 形1.3493 三简3468 四码120 p0.027 撞[0, 6, 6, 908] 重0/9 换键123
第375个音节 zr（5个读音） 改投0组 S=-9.5 罚0 形1.3512 三简3596 四码120 p0.025 撞[0, 6, 5, 894] 重0/9 换键124
第400个音节 cf（3个读音） 改投1组 S=-6.3 罚0 形1.3510 三简3645 四码120 p0.025 撞[0, 6, 5, 890] 重0/8 换键124
全量第1遍 改投25组 S=-2.1 罚0 形1.3504 三简3685 四码118 p0.026 撞[0, 7, 5, 867] 重0/8 换键123
全量第2遍 改投11组 S=2.0 罚0 形1.3473 三简3699 四码119 p0.026 撞[0, 7, 5, 872] 重0/9 换键124
全量第3遍 改投14组 S=5.7 罚0 形1.3466 三简3703 四码120 p0.025 撞[0, 7, 5, 840] 重0/9 换键124
全量第4遍 改投2组 S=5.9 罚0 形1.3467 三简3702 四码120 p0.024 撞[0, 7, 5, 836] 重0/9 换键124
全量第5遍 改投0组 S=5.9 罚0 形1.3467 三简3702 四码120 p0.024 撞[0, 7, 5, 836] 重0/9 换键124
