前1500多音字白名单 112 万乐了亲什仇仔价会传伯似佛便劲勒区单南卡参句召叶合吓否员呢和哪嗯圈地堡塞大奇尺尾差度弄弹强得恶扎折择提摩数无曾朝期术查校核模没洗洞炮熟率番的盖盛省着石种秘称系繁约给络绿缩色艾落著薄藏血行见觉角解识说读谁调车还迫都重长阿陆降露
小句 110290 字 875511
0 1s
2000 4s
4000 8s
6000 11s
8000 15s
10000 18s
12000 22s
14000 25s
16000 29s
18000 33s
20000 37s
22000 40s
24000 45s
26000 50s
28000 56s
30000 62s
32000 68s
34000 76s
36000 83s
38000 89s
40000 98s
42000 105s
44000 111s
46000 122s
48000 128s
50000 135s
52000 148s
54000 158s
56000 168s
58000 181s
60000 194s
62000 200s
64000 217s
66000 233s
68000 245s
70000 252s
72000 260s
74000 280s
76000 302s
78000 321s
80000 340s
82000 359s
84000 385s
86000 408s
88000 419s
90000 461s
92000 495s
94000 512s
96000 538s
98000 563s
100000 611s
102000 681s
104000 720s
106000 748s
108000 779s
110000 849s

逐字准确率（小句全对率）
方案	classic	forum	news	webnovel	wiki	zhihu	全部
虎码	99.73%（99.3%）	99.92%（99.7%）	99.94%（99.8%）	99.72%（99.2%）	99.82%（99.5%）	99.95%（99.8%）	99.85%（99.5%）
夜莺现行	79.70%（58.0%）	80.12%（51.7%）	81.31%（62.8%）	81.43%（57.1%）	83.08%（69.3%）	81.30%（54.9%）	81.16%（59.1%）
夜莺C_原样	87.51%（84.7%）	88.48%（85.2%）	85.77%（81.9%）	88.06%（84.7%）	87.42%（83.8%）	89.10%（86.1%）	87.73%（84.4%）
夜莺C_白名单	99.52%（98.6%）	99.85%（99.4%）	99.93%（99.7%）	99.68%（98.9%）	99.75%（99.2%）	99.89%（99.6%）	99.77%（99.2%）
夜莺C_按读音	99.83%（99.4%）	99.92%（99.7%）	99.97%（99.9%）	99.84%（99.5%）	99.87%（99.6%）	99.95%（99.8%）	99.90%（99.6%）
有效小句 110290 字 875511
